// Vitest Snapshot v1, https://vitest.dev/guide/snapshot.html

exports[`definition for code-view matches the snapshot > code-view 1`] = `
{
  "dashCaseName": "code-view",
  "events": [],
  "functions": [],
  "name": "CodeView",
  "properties": [
    {
      "description": "Adds an \`aria-label\` to the component. Use this label when there is not enough context around the code snippet to describe its purpose or content.",
      "name": "ariaLabel",
      "optional": true,
      "type": "string",
    },
    {
      "description": "Adds \`aria-labelledby\` to the component. Use this property to reference the ID of an existing element that provides a descriptive label for the code snippet.",
      "name": "ariaLabelledby",
      "optional": true,
      "type": "string",
    },
    {
      "description": "The code content to be displayed.",
      "name": "content",
      "optional": false,
      "type": "string",
    },
    {
      "description": "A function to perform custom syntax highlighting.",
      "inlineType": {
        "name": "(code: string) => React.ReactNode",
        "parameters": [
          {
            "name": "code",
            "type": "string",
          },
        ],
        "returnType": "React.ReactNode",
        "type": "function",
      },
      "name": "highlight",
      "optional": true,
      "type": "((code: string) => React.ReactNode)",
    },
    {
      "description": "An object containing all the necessary localized strings required by the component. The object should contain:

* \`lineNumberLabel\` - Label for the column that displays line numbers (when line numbers are visible)
* \`codeLabel\` - Label for the column that displays the code content (when line numbers are visible)",
      "inlineType": {
        "name": "CodeViewProps.I18nStrings",
        "properties": [
          {
            "name": "codeLabel",
            "optional": true,
            "type": "string",
          },
          {
            "name": "lineNumberLabel",
            "optional": true,
            "type": "string",
          },
        ],
        "type": "object",
      },
      "name": "i18nStrings",
      "optional": true,
      "type": "CodeViewProps.I18nStrings",
    },
    {
      "description": "Controls the display of line numbers.

Defaults to \`false\`.",
      "name": "lineNumbers",
      "optional": true,
      "type": "boolean",
    },
    {
      "description": "Controls whether line-wrapping is enabled when content would overflow the component.

Defaults to \`false\`.",
      "name": "wrapLines",
      "optional": true,
      "type": "boolean",
    },
  ],
  "regions": [
    {
      "description": "An optional slot to display a button to enable users to perform actions, such as copy or download the code snippet.",
      "isDefault": false,
      "name": "actions",
    },
  ],
  "releaseStatus": "stable",
}
`;
